// Jest Snapshot v1, https://goo.gl/fbAQLP

exports[`
  *********************************************
  **             Component Test              **
  **                not-found                **
  *********************************************
   :::: snapshot test  1`] = `
<div
  className="langindPage module-style"
>
  Not found
</div>
`;
